Copyright 1986-2022 Xilinx, Inc. All Rights Reserved. Copyright 2022-2025 Advanced Micro Devices, Inc. All Rights Reserved.
---------------------------------------------------------------------------------------------------------------------------------------------
| Tool Version : Vivado v.2025.2 (lin64) Build 6299465 Fri Nov 14 12:34:56 MST 2025
| Date         : Thu Sep 10 11:32:15 2026
| Host         : archlinux running 64-bit unknown
| Command      : report_cdc -details -file /home/franco/college/computer_architecture/labs/tps/tp2/reports/cdc.rpt
| Design       : alu_uart_top
| Device       : 7a35t-cpg236
| Speed File   : -1  PRODUCTION 1.23 2018-06-13
| Design State : Routed
---------------------------------------------------------------------------------------------------------------------------------------------

CDC Report

ID     Severity  Count  Description
-----  --------  -----  -------------------------------------------------------
CDC-3  Info          1  1-bit synchronized with ASYNC_REG property
CDC-9  Info          1  Asynchronous reset synchronized with ASYNC_REG property

Source Clock: input port clock
Destination Clock: sys_clk
CDC Type: No Common Primary Clock

Row  ID     Severity  Description                                              Depth  Exception   Source (From)  Destination (To)
---  -----  --------  -------------------------------------------------------  -----  ----------  -------------  ---------------------------------------
  1  CDC-9  Info      Asynchronous reset synchronized with ASYNC_REG property      2  False Path  btn_reset      reset_conditioner/reset_pipe_reg[0]/PRE
  2  CDC-3  Info      1-bit synchronized with ASYNC_REG property                   2  False Path  serial_rx      uart/rx_synchronizer/serial_meta_reg/D

