Copyright 1986-2022 Xilinx, Inc. All Rights Reserved. Copyright 2022-2025 Advanced Micro Devices, Inc. All Rights Reserved.
-------------------------------------------------------------------------------------------------------------------------------------------------------
| Tool Version : Vivado v.2025.2 (lin64) Build 6299465 Fri Nov 14 12:34:56 MST 2025
| Date         : Thu Sep 10 11:32:14 2026
| Host         : archlinux running 64-bit unknown
| Command      : report_utilization -hierarchical -file /home/franco/college/computer_architecture/labs/tps/tp2/reports/implementation_utilization.rpt
| Design       : alu_uart_top
| Device       : xc7a35tcpg236-1
| Speed File   : -1
| Design State : Routed
-------------------------------------------------------------------------------------------------------------------------------------------------------

Utilization Design Information

Table of Contents
-----------------
1. Utilization by Hierarchy

1. Utilization by Hierarchy
---------------------------

+------------------+---------------------+------------+------------+---------+------+-----+--------+--------+------------+
|     Instance     |        Module       | Total LUTs | Logic LUTs | LUTRAMs | SRLs | FFs | RAMB36 | RAMB18 | DSP Blocks |
+------------------+---------------------+------------+------------+---------+------+-----+--------+--------+------------+
| alu_uart_top     |               (top) |        191 |        179 |      12 |    0 | 134 |      0 |      0 |          0 |
|   (alu_uart_top) |               (top) |          0 |          0 |       0 |    0 |   0 |      0 |      0 |          0 |
|   controller     | alu_uart_controller |         88 |         88 |       0 |    0 |  66 |      0 |      0 |          0 |
|     (controller) | alu_uart_controller |         54 |         54 |       0 |    0 |  66 |      0 |      0 |          0 |
|   uart           |           uart_core |        103 |         91 |      12 |    0 |  66 |      0 |      0 |          0 |
+------------------+---------------------+------------+------------+---------+------+-----+--------+--------+------------+
* Note: The sum of lower-level cells may be larger than their parent cells total, due to cross-hierarchy LUT combining


